// Jest Snapshot v1, https://goo.gl/fbAQLP

exports[`Slot should render to Outlet 1`] = `"<div><div class=\\"container\\">inner</div>outer<div><button></button></div></div>"`;
